pwd()
dir()
exec("testMain.qs")
start(100)
jobs.t.stat()
startRecording()
startRec()
kill(find("*"))
dev.newInterface("gpib","GPIB")
dev.gpib.open()
g=dev.gpib
g.isOpen
g.findListeners()
dev.newDevice(dmm,g,12,"K2000")
dev.newDevice("dmm",g,12,"K2000")
d=dev.dmm
d.on()
d.off()
d.on()
d.takeReading()
d.takeReading()
d.takeReading()
d.takeReading()
d.scanChannel=0
d.takeReading()
d.takeReading()
d.takeReading()
d.takeReading()
d.takeReading()
d.scanRange=[1,2]
d.scan=true
d.takeReading()
d.takeReading()
d.ch1.value()
d.ch1.value()
d.ch1.value()
d.takeReading()
d.ch1.value()
kill(find("*"))
dev.newInterface("gpib","GPIB")
dev.gpib.open()
dev.newInterface("gpib","GPIB")
dev.newDevice("dmm",g,12,"K2000")
dev.newDevice("dmm",dev.gpib,12,"K2000")
gpib.open()
dev.gpib.open()
dev.dmm.on()
dev.dmm.off()
dev.dmm.on()
dev.dmm=scan=true
dev.dmm.scanRange
dev.dmm.takeReading()
dev.dmm.takeReading()
dev.dmm.takeReading()
dev.dmm.scan=true
dev.dmm.takeReading()
dev.dmm.takeReading()
dev.dmm.takeReading()
dev.dmm.off()
pwd()
dir()
exec("testTcpip.qs")
kill(find("*"))
exec("testTcpip.qs")
dev.plp.online
kill(find("*"))
exec("testTcpip.qs")
dev.plp.on()
dev.tcp1.isOpen
dev.tcp1.open()
dev.tcp1.isOpen
exec("testTcpip.qs")
p=dev.plp
p.online
p.on()
p.query("*IDN?")
p.off()
kill(find("*"))
exec("testTcpip.qs")
exec("testTcpip.qs")
exec("testTcpip.qs")
